// Jest Snapshot v1, https://goo.gl/fbAQLP

exports[`Game module should match snapshot 1`] = `
<div
  className="box"
>
  <div
    className="content"
    data-testid="game-event"
  >
    This is a mock question
  </div>
  <h3>
    Who won?
  </h3>
  <button
    className="button"
    onClick={[Function]}
  >
    Mats
  </button>
  <button
    className="button"
    onClick={[Function]}
  >
    Tom
  </button>
</div>
`;
