// Jest Snapshot v1, https://goo.gl/fbAQLP

exports[`Party test Game module tree should match snapshot 1`] = `
<div
  className="card block"
>
  <div
    className="card-content"
  >
    <div
      className="content"
      data-testid="game-event"
    >
      mockQuestion Sandra and Carl
    </div>
    <h3>
      Who won?
    </h3>
    <div
      className="columns"
    >
      <div
        className="column"
      >
        <button
          className="button"
          data-testid="button-1"
          onClick={[Function]}
        >
          Carl
        </button>
      </div>
      <div
        className="column"
      >
        <button
          className="button"
          data-testid="button-0"
          onClick={[Function]}
        >
          Sandra
        </button>
      </div>
    </div>
  </div>
</div>
`;
