// Jest Snapshot v1, https://goo.gl/fbAQLP

exports[`Game module should match snapshot 1`] = `
<div
  className="box"
>
  <div
    id="gameInfo"
  >
    <h4>
      Turn to answer a question: 
    </h4>
    <ul>
      <li
        className="card"
      >
        Mats
      </li>
    </ul>
  </div>
  <br />
  <h4>
    Loading questions
  </h4>
</div>
`;
